<?xml version="1.0" encoding="UTF-8"?>
<testsuites tests="1" failures="0" disabled="0" errors="0" time="0.011" timestamp="2026-05-29T18:30:50.341" name="AllTests">
  <testsuite name="CalculatorTest" tests="1" failures="0" disabled="0" skipped="0" errors="0" time="0.003" timestamp="2026-05-29T18:30:50.351">
    <testcase name="AddTest" file="E:\Krishna\Qt_CICD_Demo\Qt_Mingw_CICD\tests\test_calculator.cpp" line="4" status="run" result="completed" time="0." timestamp="2026-05-29T18:30:50.351" classname="CalculatorTest" />
  </testsuite>
</testsuites>
