<?xml version="1.0" encoding="UTF-8"?>
<testsuite name="(empty)"
	tests="0"
	failures="0"
	disabled="0"
	skipped="0"
	hostname=""
	time="0"
	timestamp="2026-05-29T14:12:06"/>
